// Jest Snapshot v1, https://goo.gl/fbAQLP

exports[`documentProcessing full document 1`] = `
Array [
  Object {
    "input": Object {
      "raw": "user.name",
      "value": "Thibaud",
    },
    "output": "Thibaud",
    "pipes": Array [],
    "position": Object {
      "end": 22,
      "start": 7,
    },
    "raw": "{{ user.name }}",
    "type": "content",
  },
  Object {
    "input": Object {
      "raw": "movie.title",
      "value": "Lost in Translation",
    },
    "output": "LOST IN TRANSLATION",
    "pipes": Array [
      Object {
        "output": "LOST IN TRANSLATION",
        "raw": "uppercase",
      },
    ],
    "position": Object {
      "end": 65,
      "start": 38,
    },
    "raw": "{{movie.title | uppercase}}",
    "type": "content",
  },
  Object {
    "input": Object {
      "raw": "movie.rating",
      "value": 5,
    },
    "output": 5,
    "pipes": Array [],
    "position": Object {
      "end": 116,
      "start": 98,
    },
    "raw": "{{ movie.rating }}",
    "type": "content",
  },
  Object {
    "input": Object {
      "raw": "movie.poster",
      "value": "http://example.img",
    },
    "output": Object {
      "height": undefined,
      "url": "http://example.img",
      "width": undefined,
    },
    "pipes": Array [
      Object {
        "output": Object {
          "height": undefined,
          "url": "http://example.img",
          "width": undefined,
        },
        "raw": "image",
      },
    ],
    "position": Object {
      "end": 153,
      "start": 127,
    },
    "raw": "{{ movie.poster | image }}",
    "type": "content",
  },
  Object {
    "input": Object {
      "raw": "movie.title",
      "value": "Lost in Translation",
    },
    "output": "Lost in Translation",
    "pipes": Array [],
    "position": Object {
      "end": 176,
      "start": 159,
    },
    "raw": "{{ movie.title }}",
    "type": "content",
  },
  Object {
    "input": Object {
      "raw": "user.name",
      "value": "Thibaud",
    },
    "output": "Thibaud",
    "pipes": Array [],
    "position": Object {
      "end": 194,
      "start": 179,
    },
    "raw": "{{ user.name }}",
    "type": "content",
  },
  Object {
    "input": Object {
      "raw": "movie.rating",
      "value": 5,
    },
    "output": 5,
    "pipes": Array [],
    "position": Object {
      "end": 215,
      "start": 197,
    },
    "raw": "{{ movie.rating }}",
    "type": "content",
  },
  Object {
    "input": Object {
      "raw": "movie.poster",
      "value": "http://example.img",
    },
    "output": "http://example.img",
    "pipes": Array [],
    "position": Object {
      "end": 236,
      "start": 218,
    },
    "raw": "{{ movie.poster }}",
    "type": "content",
  },
]
`;

exports[`documentProcessing full document 2`] = `
Array [
  Object {
    "insertInlineImage": Object {
      "location": Object {
        "index": 127,
        "segmentId": "",
      },
      "objectSize": Object {
        "height": undefined,
        "width": undefined,
      },
      "uri": "http://example.img",
    },
  },
  Object {
    "replaceAllText": Object {
      "containsText": Object {
        "matchCase": true,
        "text": "{{ user.name }}",
      },
      "replaceText": "Thibaud",
    },
  },
  Object {
    "replaceAllText": Object {
      "containsText": Object {
        "matchCase": true,
        "text": "{{movie.title | uppercase}}",
      },
      "replaceText": "LOST IN TRANSLATION",
    },
  },
  Object {
    "replaceAllText": Object {
      "containsText": Object {
        "matchCase": true,
        "text": "{{ movie.rating }}",
      },
      "replaceText": "5",
    },
  },
  Object {
    "replaceAllText": Object {
      "containsText": Object {
        "matchCase": true,
        "text": "{{ movie.poster | image }}",
      },
      "replaceText": "",
    },
  },
  Object {
    "replaceAllText": Object {
      "containsText": Object {
        "matchCase": true,
        "text": "{{ movie.title }}",
      },
      "replaceText": "Lost in Translation",
    },
  },
  Object {
    "replaceAllText": Object {
      "containsText": Object {
        "matchCase": true,
        "text": "{{ user.name }}",
      },
      "replaceText": "Thibaud",
    },
  },
  Object {
    "replaceAllText": Object {
      "containsText": Object {
        "matchCase": true,
        "text": "{{ movie.rating }}",
      },
      "replaceText": "5",
    },
  },
  Object {
    "replaceAllText": Object {
      "containsText": Object {
        "matchCase": true,
        "text": "{{ movie.poster }}",
      },
      "replaceText": "http://example.img",
    },
  },
]
`;
